// Jest Snapshot v1, https://goo.gl/fbAQLP

exports[`initial page list 1`] = `
PageList {
  "index": 0,
  "items": Array [
    Object {
      "id": 1,
    },
    Object {
      "id": 2,
    },
  ],
  "size": 2,
  "total": 100,
}
`;
